[     140ms] [INFO] %cDownload the React DevTools for a better development experience: https://react.dev/link/react-devtools font-weight:bold @ http://localhost:3000/_next/static/chunks/node_modules_next_dist_1ybzpk2._.js:2477
[     180ms] [LOG] [HMR] connected @ http://localhost:3000/_next/static/chunks/node_modules_next_dist_1ybzpk2._.js:2477
[     242ms] [ERROR] A tree hydrated but some attributes of the server rendered HTML didn't match the client properties. This won't be patched up. This can happen if a SSR-ed Client Component used:

- A server/client branch `if (typeof window !== 'undefined')`.
- Variable input such as `Date.now()` or `Math.random()` which changes each time it's called.
- Date formatting in a user's locale which doesn't match the server.
- External changing data without sending a snapshot of it along with the HTML.
- Invalid HTML tag nesting.

It can also happen if the client has a browser extension installed which messes with the HTML before React loaded.

%s%s https://react.dev/link/hydration-mismatch 

  ...
    <RedirectBoundary>
      <RedirectErrorBoundary router={{...}}>
        <InnerLayoutRouter url="/system-de..." tree={[...]} params={{tab:"archi..."}} cacheNode={{rsc:{...}, ...}} ...>
          <SegmentViewNode type="page" pagePath="system-des...">
            <SegmentTrieNode>
            <TabPage>
              <NetflixPage initialTab="architecture">
                <NetflixArchPage initialTab="architecture">
                  <div className="flex flex-col" style={{height:"ca...", ...}}>
                    <div>
                    <div className="flex-1 ove...">
                      <h1>
                      <div>
                      <ArchitectureTab studiedNodes={Set} ...>
                        <div className="flex flex-...">
                          <MobileAccordion>
                          <div className="hidden lg:..." style={{height:"ca..."}}>
                            <div ref={{current:null}} className="flex-1 ove..." style={{...}}>
                              <div className="absolute i...">
                                <div>
                                <div
                                  className="absolute left-0 right-0"
                                  style={{
+                                   top: 170
-                                   top: "170px"
+                                   height: 92
-                                   height: "92px"
+                                   background: "rgba(255,255,255,0.012)"
-                                   background-image: "initial"
-                                   background-position-x: "initial"
-                                   background-position-y: "initial"
-                                   background-size: "initial"
-                                   background-repeat: "initial"
-                                   background-attachment: "initial"
-                                   background-origin: "initial"
-                                   background-clip: "initial"
-                                   background-color: "rgba(148, 163, 184, 0.08)"
                                  }}
                                >
                                <div>
                                <div
                                  className="absolute left-0 right-0"
                                  style={{
+                                   top: 460
-                                   top: "460px"
+                                   height: 92
-                                   height: "92px"
+                                   background: "rgba(255,255,255,0.012)"
-                                   background-image: "initial"
-                                   background-position-x: "initial"
-                                   background-position-y: "initial"
-                                   background-size: "initial"
-                                   background-repeat: "initial"
-                                   background-attachment: "initial"
-                                   background-origin: "initial"
-                                   background-clip: "initial"
-                                   background-color: "rgba(148, 163, 184, 0.08)"
                                  }}
                                >
                                <div>
                                <div
                                  className="absolute left-0 right-0"
                                  style={{
+                                   top: 740
-                                   top: "740px"
+                                   height: 92
-                                   height: "92px"
+                                   background: "rgba(255,255,255,0.012)"
-                                   background-image: "initial"
-                                   background-position-x: "initial"
-                                   background-position-y: "initial"
-                                   background-size: "initial"
-                                   background-repeat: "initial"
-                                   background-attachment: "initial"
-                                   background-origin: "initial"
-                                   background-clip: "initial"
-                                   background-color: "rgba(148, 163, 184, 0.08)"
                                  }}
                                >
                              <svg width="100%" height="100%" style={{cursor:"grab", ...}} ...>
                                <defs>
                                  <pattern id="dot-grid" x="0" y="0" width="20" height="20" patternUnits="userSpaceO...">
                                    <circle
                                      cx="10"
                                      cy="10"
                                      r="0.8"
+                                     fill="#252525"
-                                     fill="#94a3b8"
                                    >
                                <rect
                                  width="100%"
                                  height="100%"
                                  fill="url(#dot-grid)"
+                                 opacity={0.6}
-                                 opacity="0.35"
                                >
                                ...
                              <div
                                className="absolute inset-0 pointer-events-none"
                                style={{
+                                 background: "radial-gradient(ellipse 80% 80% at 50% 50%, transparent 55%, rgba(10,10..."
+                                 zIndex: 1
-                                 background-image: "radial-gradient(80% 80%, rgba(255, 255, 255, 0) 60%, rgba(226, 23..."
-                                 background-position-x: "initial"
-                                 background-position-y: "initial"
-                                 background-size: "initial"
-                                 background-repeat: "initial"
-                                 background-attachment: "initial"
-                                 background-origin: "initial"
-                                 background-clip: "initial"
-                                 background-color: "initial"
-                                 z-index: "1"
                                }}
                              >
                              ...
                            ...
                          ...
                    ...
          ...
        ...
 @ http://localhost:3000/_next/static/chunks/node_modules_next_dist_1ybzpk2._.js:3318
[    1700ms] [INFO] %cDownload the React DevTools for a better development experience: https://react.dev/link/react-devtools font-weight:bold @ http://localhost:3000/_next/static/chunks/node_modules_next_dist_1ybzpk2._.js:2477
[    1706ms] [LOG] [HMR] connected @ http://localhost:3000/_next/static/chunks/node_modules_next_dist_1ybzpk2._.js:2477
